
> asol@0.1.15 architecture:check
> npx tsx scripts/architecture-check.ts


Architecture Report

✔ UI Layer
✔ Hooks Layer
✔ Client Services
✔ AsolApiClient
✔ Business APIs
✔ Server Services
✔ Query Layer
✔ Command Layer
✔ Repository Layer
✔ Database Client
✔ SQLite Rules
✔ Turso Rules
✔ No SQL Outside Repository
✔ No fetch Outside AsolApiClient
✔ No Secrets In Client
✔ No Drizzle Outside Repository
✔ No Invalid Imports
✔ Configuration Layer
✔ Image Storage Contract
✔ Category Module Contract
✔ Native Platform Contract

Architecture Score

95%

Architecture Violations

Layer:
Notification Module Contract

File:
src/features/notifications/infrastructure/asol-notification-repository.ts

Violation:
line 21: infrastructure imports application — "../application/shared/keyed-mutex".

Allowed:
infrastructure may import: domain, shared, config, services. Move the shared code down a layer, or invert the dependency with a port.

---

Layer:
Notification Module Contract

File:
src/features/notifications/infrastructure/native/native-push.service.ts

Violation:
line 20: infrastructure imports application — "../../application/shared/read-notification-locale".

Allowed:
infrastructure may import: domain, shared, config, services. Move the shared code down a layer, or invert the dependency with a port.

---

Layer:
Notification Module Contract

File:
src/features/notifications/infrastructure/native/native-push.service.ts

Violation:
line 21: infrastructure imports application — "../../application/shared/keyed-mutex".

Allowed:
infrastructure may import: domain, shared, config, services. Move the shared code down a layer, or invert the dependency with a port.

---

Layer:
Notification Module Contract

File:
src/features/notifications/infrastructure/web-push/web-push-browser.service.ts

Violation:
line 7: infrastructure imports application — "../../application/services/notification-api-service".

Allowed:
infrastructure may import: domain, shared, config, services. Move the shared code down a layer, or invert the dependency with a port.

---

Layer:
Notification Module Contract

File:
src/features/notifications/infrastructure/web-push/web-push-browser.service.ts

Violation:
line 8: infrastructure imports application — "../../application/shared/read-notification-locale".

Allowed:
infrastructure may import: domain, shared, config, services. Move the shared code down a layer, or invert the dependency with a port.

---

Build Failed.

